// Jest Snapshot v1, https://goo.gl/fbAQLP

exports[`snapshot should match with snapshot 1`] = `
<div>
  Hello world.
</div>
`;
