// Jest Snapshot v1, https://goo.gl/fbAQLP

exports[`snapshot should match snapshot 1`] = `
<div
  className="title"
>
  default title
</div>
`;

exports[`useEffect should match snapshot 1`] = `
<DocumentFragment>
  <div
    class="title"
  >
    new title
  </div>
</DocumentFragment>
`;
